<?xml version="1.0" encoding="utf-8"?><testsuites><testsuite name="pytest" errors="0" failures="0" skipped="2" tests="138" time="13.116" timestamp="2025-11-24T22:04:34.456076-05:00" hostname="cachyos-x8664"><testcase classname="tests.e2e.test_fastapi_calculator" name="test_health_endpoint" time="2.065" /><testcase classname="tests.e2e.test_fastapi_calculator" name="test_user_registration" time="0.342" /><testcase classname="tests.e2e.test_fastapi_calculator" name="test_user_login" time="0.424" /><testcase classname="tests.e2e.test_fastapi_calculator" name="test_create_calculation_addition" time="0.440" /><testcase classname="tests.e2e.test_fastapi_calculator" name="test_create_calculation_subtraction" time="0.460" /><testcase classname="tests.e2e.test_fastapi_calculator" name="test_create_calculation_multiplication" time="0.453" /><testcase classname="tests.e2e.test_fastapi_calculator" name="test_create_calculation_division" time="0.453" /><testcase classname="tests.e2e.test_fastapi_calculator" name="test_list_get_update_delete_calculation" time="0.510" /><testcase classname="tests.e2e.test_fastapi_calculator" name="test_model_addition" time="0.007" /><testcase classname="tests.e2e.test_fastapi_calculator" name="test_model_subtraction" time="0.001" /><testcase classname="tests.e2e.test_fastapi_calculator" name="test_model_multiplication" time="0.001" /><testcase classname="tests.e2e.test_fastapi_calculator" name="test_model_division" time="0.001" /><testcase classname="tests.integration.test_calculation" name="test_addition_get_result" time="0.001" /><testcase classname="tests.integration.test_calculation" name="test_subtraction_get_result" time="0.001" /><testcase classname="tests.integration.test_calculation" name="test_multiplication_get_result" time="0.001" /><testcase classname="tests.integration.test_calculation" name="test_division_get_result" time="0.001" /><testcase classname="tests.integration.test_calculation" name="test_division_by_zero" time="0.001" /><testcase classname="tests.integration.test_calculation" name="test_calculation_factory_addition" time="0.001" /><testcase classname="tests.integration.test_calculation" name="test_calculation_factory_subtraction" time="0.001" /><testcase classname="tests.integration.test_calculation" name="test_calculation_factory_multiplication" time="0.001" /><testcase classname="tests.integration.test_calculation" name="test_calculation_factory_division" time="0.001" /><testcase classname="tests.integration.test_calculation" name="test_calculation_factory_invalid_type" time="0.001" /><testcase classname="tests.integration.test_calculation" name="test_invalid_inputs_for_addition" time="0.001" /><testcase classname="tests.integration.test_calculation" name="test_invalid_inputs_for_subtraction" time="0.001" /><testcase classname="tests.integration.test_calculation" name="test_invalid_inputs_for_division" time="0.001" /><testcase classname="tests.integration.test_calculation_schema" name="test_calculation_create_valid" time="0.001" /><testcase classname="tests.integration.test_calculation_schema" name="test_calculation_create_missing_type" time="0.001" /><testcase classname="tests.integration.test_calculation_schema" name="test_calculation_create_missing_inputs" time="0.001" /><testcase classname="tests.integration.test_calculation_schema" name="test_calculation_create_invalid_inputs" time="0.001" /><testcase classname="tests.integration.test_calculation_schema" name="test_calculation_create_unsupported_type" time="0.001" /><testcase classname="tests.integration.test_calculation_schema" name="test_calculation_update_valid" time="0.001" /><testcase classname="tests.integration.test_calculation_schema" name="test_calculation_update_no_fields" time="0.001" /><testcase classname="tests.integration.test_calculation_schema" name="test_calculation_response_valid" time="0.001" /><testcase classname="tests.integration.test_database" name="test_base_declaration" time="0.003" /><testcase classname="tests.integration.test_database" name="test_get_engine_success" time="0.003" /><testcase classname="tests.integration.test_database" name="test_get_engine_failure" time="0.003" /><testcase classname="tests.integration.test_database" name="test_get_sessionmaker" time="0.002" /><testcase classname="tests.integration.test_dependencies" name="test_get_current_user_valid_token_existing_user" time="0.007" /><testcase classname="tests.integration.test_dependencies" name="test_get_current_user_invalid_token" time="0.001" /><testcase classname="tests.integration.test_dependencies" name="test_get_current_user_valid_token_incomplete_payload" time="0.001" /><testcase classname="tests.integration.test_dependencies" name="test_get_current_active_user_active" time="0.001" /><testcase classname="tests.integration.test_dependencies" name="test_get_current_active_user_inactive" time="0.001" /><testcase classname="tests.integration.test_main" name="test_health_endpoint" time="0.018" /><testcase classname="tests.integration.test_main" name="test_register_and_login" time="0.519" /><testcase classname="tests.integration.test_main" name="test_form_login" time="0.234" /><testcase classname="tests.integration.test_main" name="test_calculation_endpoints" time="0.503" /><testcase classname="tests.integration.test_main" name="test_invalid_calculation" time="0.457" /><testcase classname="tests.integration.test_main" name="test_invalid_uuid_and_not_found" time="0.482" /><testcase classname="tests.integration.test_main" name="test_duplicate_user_registration" time="0.232" /><testcase classname="tests.integration.test_main" name="test_invalid_password_registration" time="0.004" /><testcase classname="tests.integration.test_main" name="test_login_failure" time="0.013" /><testcase classname="tests.integration.test_main" name="test_get_current_user_full_payload" time="0.001" /><testcase classname="tests.integration.test_main" name="test_get_current_user_minimal_payload" time="0.001" /><testcase classname="tests.integration.test_main" name="test_get_current_user_uuid_payload" time="0.001" /><testcase classname="tests.integration.test_main" name="test_get_current_user_invalid_token" time="0.001" /><testcase classname="tests.integration.test_main" name="test_get_current_active_user_inactive" time="0.001" /><testcase classname="tests.integration.test_main" name="test_verify_password_and_hash" time="0.649" /><testcase classname="tests.integration.test_main" name="test_create_token_access_and_refresh" time="0.001" /><testcase classname="tests.integration.test_main" name="test_decode_token_valid" time="0.001"><skipped type="pytest.skip" message="async def function and no async plugin installed (see warnings)">/home/varun/Documents/NJIT/2025_Fall/IS601_Python-for-Web-API-Development/assignments/IS601-Assignment-12/venv/lib/python3.13/site-packages/_pytest/python.py:149: async def function and no async plugin installed (see warnings)</skipped></testcase><testcase classname="tests.integration.test_main" name="test_decode_token_invalid_type" time="0.001" /><testcase classname="tests.integration.test_main" name="test_create_token_error" time="0.001" /><testcase classname="tests.integration.test_main" name="test_lifespan_startup" time="0.008" /><testcase classname="tests.integration.test_schema_base" name="test_user_base_valid" time="0.001" /><testcase classname="tests.integration.test_schema_base" name="test_user_base_invalid_email" time="0.001" /><testcase classname="tests.integration.test_schema_base" name="test_password_mixin_valid" time="0.001" /><testcase classname="tests.integration.test_schema_base" name="test_password_mixin_invalid_short_password" time="0.001" /><testcase classname="tests.integration.test_schema_base" name="test_password_mixin_no_uppercase" time="0.001" /><testcase classname="tests.integration.test_schema_base" name="test_password_mixin_no_lowercase" time="0.001" /><testcase classname="tests.integration.test_schema_base" name="test_password_mixin_no_digit" time="0.001" /><testcase classname="tests.integration.test_schema_base" name="test_user_create_valid" time="0.001" /><testcase classname="tests.integration.test_schema_base" name="test_user_create_invalid_password" time="0.001" /><testcase classname="tests.integration.test_schema_base" name="test_user_login_valid" time="0.001" /><testcase classname="tests.integration.test_schema_base" name="test_user_login_invalid_username" time="0.001" /><testcase classname="tests.integration.test_schema_base" name="test_user_login_invalid_password" time="0.001" /><testcase classname="tests.integration.test_user" name="test_database_connection" time="0.003" /><testcase classname="tests.integration.test_user" name="test_managed_session" time="0.002" /><testcase classname="tests.integration.test_user" name="test_session_handling" time="0.017" /><testcase classname="tests.integration.test_user" name="test_create_user_with_faker" time="0.008" /><testcase classname="tests.integration.test_user" name="test_create_multiple_users" time="0.007" /><testcase classname="tests.integration.test_user" name="test_query_methods" time="0.016" /><testcase classname="tests.integration.test_user" name="test_transaction_rollback" time="0.006" /><testcase classname="tests.integration.test_user" name="test_update_with_refresh" time="0.011" /><testcase classname="tests.integration.test_user" name="test_bulk_operations" time="0.000"><skipped type="pytest.skip" message="use --run-slow to run">/home/varun/Documents/NJIT/2025_Fall/IS601_Python-for-Web-API-Development/assignments/IS601-Assignment-12/tests/integration/test_user.py:217: use --run-slow to run</skipped></testcase><testcase classname="tests.integration.test_user" name="test_unique_email_constraint" time="0.006" /><testcase classname="tests.integration.test_user" name="test_unique_username_constraint" time="0.011" /><testcase classname="tests.integration.test_user" name="test_user_persistence_after_constraint" time="0.010" /><testcase classname="tests.integration.test_user" name="test_error_handling" time="0.002" /><testcase classname="tests.integration.test_user_auth" name="test_password_hashing" time="0.659" /><testcase classname="tests.integration.test_user_auth" name="test_user_registration" time="0.440" /><testcase classname="tests.integration.test_user_auth" name="test_duplicate_user_registration" time="0.226" /><testcase classname="tests.integration.test_user_auth" name="test_user_authentication" time="0.453" /><testcase classname="tests.integration.test_user_auth" name="test_user_last_login_update" time="0.543" /><testcase classname="tests.integration.test_user_auth" name="test_unique_email_username" time="0.270" /><testcase classname="tests.integration.test_user_auth" name="test_short_password_registration" time="0.001" /><testcase classname="tests.integration.test_user_auth" name="test_invalid_token" time="0.001" /><testcase classname="tests.integration.test_user_auth" name="test_token_creation_and_verification" time="0.262" /><testcase classname="tests.integration.test_user_auth" name="test_authenticate_with_email" time="0.479" /><testcase classname="tests.integration.test_user_auth" name="test_user_model_representation" time="0.005" /><testcase classname="tests.integration.test_user_auth" name="test_missing_password_registration" time="0.001" /><testcase classname="tests.unit.test_calculation_model" name="test_addition_invalid_inputs" time="0.001" /><testcase classname="tests.unit.test_calculation_model" name="test_subtraction_invalid_inputs" time="0.001" /><testcase classname="tests.unit.test_calculation_model" name="test_multiplication_invalid_inputs" time="0.001" /><testcase classname="tests.unit.test_calculation_model" name="test_division_invalid_inputs" time="0.001" /><testcase classname="tests.unit.test_calculator" name="test_add[add_two_positive_integers]" time="0.001" /><testcase classname="tests.unit.test_calculator" name="test_add[add_two_negative_integers]" time="0.001" /><testcase classname="tests.unit.test_calculator" name="test_add[add_two_positive_floats]" time="0.001" /><testcase classname="tests.unit.test_calculator" name="test_add[add_negative_and_positive_float]" time="0.001" /><testcase classname="tests.unit.test_calculator" name="test_add[add_zeros]" time="0.001" /><testcase classname="tests.unit.test_calculator" name="test_subtract[subtract_two_positive_integers]" time="0.001" /><testcase classname="tests.unit.test_calculator" name="test_subtract[subtract_two_negative_integers]" time="0.001" /><testcase classname="tests.unit.test_calculator" name="test_subtract[subtract_two_positive_floats]" time="0.001" /><testcase classname="tests.unit.test_calculator" name="test_subtract[subtract_two_negative_floats]" time="0.001" /><testcase classname="tests.unit.test_calculator" name="test_subtract[subtract_zeros]" time="0.001" /><testcase classname="tests.unit.test_calculator" name="test_multiply[multiply_two_positive_integers]" time="0.001" /><testcase classname="tests.unit.test_calculator" name="test_multiply[multiply_negative_and_positive_integer]" time="0.001" /><testcase classname="tests.unit.test_calculator" name="test_multiply[multiply_two_positive_floats]" time="0.001" /><testcase classname="tests.unit.test_calculator" name="test_multiply[multiply_negative_float_and_positive_float]" time="0.001" /><testcase classname="tests.unit.test_calculator" name="test_multiply[multiply_zero_and_positive_integer]" time="0.001" /><testcase classname="tests.unit.test_calculator" name="test_divide[divide_two_positive_integers]" time="0.001" /><testcase classname="tests.unit.test_calculator" name="test_divide[divide_negative_integer_by_positive_integer]" time="0.001" /><testcase classname="tests.unit.test_calculator" name="test_divide[divide_two_positive_floats]" time="0.001" /><testcase classname="tests.unit.test_calculator" name="test_divide[divide_negative_float_by_positive_float]" time="0.001" /><testcase classname="tests.unit.test_calculator" name="test_divide[divide_zero_by_positive_integer]" time="0.001" /><testcase classname="tests.unit.test_calculator" name="test_divide_by_zero" time="0.001" /><testcase classname="tests.unit.test_dependencies" name="test_get_current_user_invalid_token" time="0.001" /><testcase classname="tests.unit.test_dependencies" name="test_get_current_user_minimal_payload" time="0.059" /><testcase classname="tests.unit.test_dependencies" name="test_get_current_user_invalid_payload" time="0.001" /><testcase classname="tests.unit.test_dependencies" name="test_get_current_active_user_inactive" time="0.001" /><testcase classname="tests.unit.test_jwt" name="test_create_token_error" time="0.001" /><testcase classname="tests.unit.test_jwt" name="test_decode_token_invalid_type" time="0.002" /><testcase classname="tests.unit.test_jwt" name="test_decode_token_revoked" time="0.001" /><testcase classname="tests.unit.test_jwt" name="test_decode_token_expired" time="0.002" /><testcase classname="tests.unit.test_jwt" name="test_decode_token_jwt_error" time="0.002" /><testcase classname="tests.unit.test_jwt" name="test_get_current_user_exceptions" time="0.004" /><testcase classname="tests.unit.test_redis" name="test_get_redis_first_time" time="0.001" /><testcase classname="tests.unit.test_redis" name="test_get_redis_cached" time="0.001" /><testcase classname="tests.unit.test_redis" name="test_add_to_blacklist" time="0.001" /><testcase classname="tests.unit.test_redis" name="test_is_blacklisted" time="0.222" /></testsuite></testsuites>